     1                                  ; hello.asm
     2                                  bits 64         ;; tell the compiler this mode 64-bit
     3                                  section .data
     4 00000000 48656C6C6F2C20576F-         msg db      "Hello, World", 0
     4 00000009 726C6400           
     5                                  section .bss
     6                                  section .text
     7                                      global main
     8                                  
     9                                  main:
    10 00000000 B801000000                  mov     rax, 1      ;   1 = syscall to write
    11 00000005 BF01000000                  mov     rdi, 1      ;   1 = to stdout
    12 0000000A 48BE-                       mov     rsi, msg    ;   string to display in rsi
    12 0000000C [0000000000000000] 
    13 00000014 BA0C000000                  mov     rdx, 12     ;   the length of the string, without 0
    14 00000019 0F05                        syscall             ;   display the string
    15                                  
    16                                      ; exit
    17 0000001B B83C000000                  mov    rax, 60     ; syscall for exit
    18 00000020 4831FF                      xor    rdi, rdi    ; exit code 0
    19 00000023 0F05                        syscall
